---
source: creates/rico/tests/snapshots/writer.rs
description: Testing const thrift file
snapshot_kind: text
---
// Constant of integer type representing the default port number
const i32 DEFAULT_PORT = 8080

// Constant of string type for the default hostname
const string DEFAULT_HOSTNAME = "localhost"

// Constant of boolean type indicating if the application is in debug mode
const bool IS_DEBUG_MODE = false

// Constant of list<string> type with some default usernames
const list<string> DEFAULT_USERNAMES = ["user1", "user2", "user3"]

// Constant of map<string, i32> type mapping department names to their respective ID numbers
const map<string, i32> DEPARTMENT_IDS = {"Engineering": 1001, "Marketing": 1002, "Sales": 1003}
